[2024-10-25T22:36:58.773513+00:00] Framework.ERROR: Uncaught Throwable of type Joomla\Database\Exception\ExecutionFailureException caught. {"exception":"[object] (Joomla\\Database\\Exception\\ExecutionFailureException(code: 42): 42S02, 1146, Table 'amigal_dk.app_packages' doesn't exist at /customers/c/3/8/amigal.dk/httpd.www/webservices/v3/vendor/joomla/database/src/Pdo/PdoDriver.php:452)"} {"url":"/webservices/v3/www/api/v1/packages","ip":"2a05:f6c5:9361:0:59cf:e677:1c2c:ce45","http_method":"GET","server":"amigal.dk","referrer":null}
[2024-10-25T22:37:01.326965+00:00] Framework.ERROR: Uncaught Throwable of type Joomla\Database\Exception\ExecutionFailureException caught. {"exception":"[object] (Joomla\\Database\\Exception\\ExecutionFailureException(code: 42): 42S02, 1146, Table 'amigal_dk.app_packages' doesn't exist at /customers/c/3/8/amigal.dk/httpd.www/webservices/v3/vendor/joomla/database/src/Pdo/PdoDriver.php:452)"} {"url":"/webservices/v3/www/status","ip":"2a05:f6c5:9361:0:59cf:e677:1c2c:ce45","http_method":"GET","server":"amigal.dk","referrer":null}
[2024-10-25T22:38:09.681107+00:00] Framework.INFO: WebApplication execute called [] {"url":"/webservices/v3/www/api/v1/packages","ip":"2a05:f6c5:9361:0:59cf:e677:1c2c:ce45","http_method":"GET","server":"amigal.dk","referrer":null}
[2024-10-25T22:38:09.681305+00:00] Framework.INFO: WebApplication execute call doExecute [] {"url":"/webservices/v3/www/api/v1/packages","ip":"2a05:f6c5:9361:0:59cf:e677:1c2c:ce45","http_method":"GET","server":"amigal.dk","referrer":null}
[2024-10-25T22:38:09.681328+00:00] Framework.INFO: WebApplication doExecute called [] {"url":"/webservices/v3/www/api/v1/packages","ip":"2a05:f6c5:9361:0:59cf:e677:1c2c:ce45","http_method":"GET","server":"amigal.dk","referrer":null}
[2024-10-25T22:38:09.683679+00:00] Framework.INFO:  result of controllerResolver->resolve($route) [[{"Joomla\\FrameworkWebsite\\Controller\\Api\\StatusControllerGet":[]},"execute"]] {"url":"/webservices/v3/www/api/v1/packages","ip":"2a05:f6c5:9361:0:59cf:e677:1c2c:ce45","http_method":"GET","server":"amigal.dk","referrer":null}
[2024-10-25T22:38:09.685999+00:00] Framework.ERROR: Uncaught Throwable of type Joomla\Database\Exception\ExecutionFailureException caught. {"exception":"[object] (Joomla\\Database\\Exception\\ExecutionFailureException(code: 42): 42S02, 1146, Table 'amigal_dk.app_packages' doesn't exist at /customers/c/3/8/amigal.dk/httpd.www/webservices/v3/vendor/joomla/database/src/Pdo/PdoDriver.php:452)"} {"url":"/webservices/v3/www/api/v1/packages","ip":"2a05:f6c5:9361:0:59cf:e677:1c2c:ce45","http_method":"GET","server":"amigal.dk","referrer":null}
[2024-10-25T22:40:00.503350+00:00] Framework.INFO: WebApplication execute called [] {"url":"/webservices/v3/www/api/v1/packages","ip":"2a05:f6c5:9361:0:59cf:e677:1c2c:ce45","http_method":"GET","server":"amigal.dk","referrer":null}
[2024-10-25T22:40:00.506957+00:00] Framework.INFO: WebApplication execute call doExecute [] {"url":"/webservices/v3/www/api/v1/packages","ip":"2a05:f6c5:9361:0:59cf:e677:1c2c:ce45","http_method":"GET","server":"amigal.dk","referrer":null}
[2024-10-25T22:40:00.506985+00:00] Framework.INFO: WebApplication doExecute called [] {"url":"/webservices/v3/www/api/v1/packages","ip":"2a05:f6c5:9361:0:59cf:e677:1c2c:ce45","http_method":"GET","server":"amigal.dk","referrer":null}
[2024-10-25T22:40:00.513270+00:00] Framework.INFO:  result of controllerResolver->resolve($route) [[{"Joomla\\FrameworkWebsite\\Controller\\Api\\StatusControllerGet":[]},"execute"]] {"url":"/webservices/v3/www/api/v1/packages","ip":"2a05:f6c5:9361:0:59cf:e677:1c2c:ce45","http_method":"GET","server":"amigal.dk","referrer":null}
[2024-10-25T22:40:00.516902+00:00] Framework.ERROR: Uncaught Throwable of type Joomla\Database\Exception\ExecutionFailureException caught. {"exception":"[object] (Joomla\\Database\\Exception\\ExecutionFailureException(code: 42): 42S02, 1146, Table 'amigal_dk.app_packages' doesn't exist at /customers/c/3/8/amigal.dk/httpd.www/webservices/v3/vendor/joomla/database/src/Pdo/PdoDriver.php:452)"} {"url":"/webservices/v3/www/api/v1/packages","ip":"2a05:f6c5:9361:0:59cf:e677:1c2c:ce45","http_method":"GET","server":"amigal.dk","referrer":null}
[2024-10-25T22:44:15.870859+00:00] Framework.INFO: WebApplication execute called [] {"url":"/webservices/v3/api/v1/packages","ip":"2a05:f6c5:9361:0:59cf:e677:1c2c:ce45","http_method":"GET","server":"amigal.dk","referrer":null}
[2024-10-25T22:44:15.871060+00:00] Framework.INFO: WebApplication execute call doExecute [] {"url":"/webservices/v3/api/v1/packages","ip":"2a05:f6c5:9361:0:59cf:e677:1c2c:ce45","http_method":"GET","server":"amigal.dk","referrer":null}
[2024-10-25T22:44:15.871083+00:00] Framework.INFO: WebApplication doExecute called [] {"url":"/webservices/v3/api/v1/packages","ip":"2a05:f6c5:9361:0:59cf:e677:1c2c:ce45","http_method":"GET","server":"amigal.dk","referrer":null}
[2024-10-25T22:44:15.873463+00:00] Framework.INFO:  result of controllerResolver->resolve($route) [[{"Joomla\\FrameworkWebsite\\Controller\\HomepageController":[]},"execute"]] {"url":"/webservices/v3/api/v1/packages","ip":"2a05:f6c5:9361:0:59cf:e677:1c2c:ce45","http_method":"GET","server":"amigal.dk","referrer":null}
[2024-10-25T22:44:15.964855+00:00] Framework.INFO: WebApplication execute have called doExecute [] {"url":"/webservices/v3/api/v1/packages","ip":"2a05:f6c5:9361:0:59cf:e677:1c2c:ce45","http_method":"GET","server":"amigal.dk","referrer":null}
[2024-10-25T22:44:16.290310+00:00] Framework.INFO: WebApplication execute called [] {"url":"/webservices/v3/api/v1/favicon.ico","ip":"2a05:f6c5:9361:0:59cf:e677:1c2c:ce45","http_method":"GET","server":"amigal.dk","referrer":"https://amigal.dk/webservices/v3/api/v1/packages"}
[2024-10-25T22:44:16.292054+00:00] Framework.INFO: WebApplication execute call doExecute [] {"url":"/webservices/v3/api/v1/favicon.ico","ip":"2a05:f6c5:9361:0:59cf:e677:1c2c:ce45","http_method":"GET","server":"amigal.dk","referrer":"https://amigal.dk/webservices/v3/api/v1/packages"}
[2024-10-25T22:44:16.292082+00:00] Framework.INFO: WebApplication doExecute called [] {"url":"/webservices/v3/api/v1/favicon.ico","ip":"2a05:f6c5:9361:0:59cf:e677:1c2c:ce45","http_method":"GET","server":"amigal.dk","referrer":"https://amigal.dk/webservices/v3/api/v1/packages"}
[2024-10-25T22:44:16.292547+00:00] Framework.INFO:  result of controllerResolver->resolve($route) [[{"Joomla\\FrameworkWebsite\\Controller\\HomepageController":[]},"execute"]] {"url":"/webservices/v3/api/v1/favicon.ico","ip":"2a05:f6c5:9361:0:59cf:e677:1c2c:ce45","http_method":"GET","server":"amigal.dk","referrer":"https://amigal.dk/webservices/v3/api/v1/packages"}
[2024-10-25T22:44:16.316068+00:00] Framework.INFO: WebApplication execute have called doExecute [] {"url":"/webservices/v3/api/v1/favicon.ico","ip":"2a05:f6c5:9361:0:59cf:e677:1c2c:ce45","http_method":"GET","server":"amigal.dk","referrer":"https://amigal.dk/webservices/v3/api/v1/packages"}
[2024-10-25T22:44:28.473664+00:00] Framework.INFO: WebApplication execute called [] {"url":"/webservices/v3/api","ip":"2a05:f6c5:9361:0:59cf:e677:1c2c:ce45","http_method":"GET","server":"amigal.dk","referrer":null}
[2024-10-25T22:44:28.473898+00:00] Framework.INFO: WebApplication execute call doExecute [] {"url":"/webservices/v3/api","ip":"2a05:f6c5:9361:0:59cf:e677:1c2c:ce45","http_method":"GET","server":"amigal.dk","referrer":null}
[2024-10-25T22:44:28.473921+00:00] Framework.INFO: WebApplication doExecute called [] {"url":"/webservices/v3/api","ip":"2a05:f6c5:9361:0:59cf:e677:1c2c:ce45","http_method":"GET","server":"amigal.dk","referrer":null}
[2024-10-25T22:44:28.474041+00:00] Framework.INFO:  result of controllerResolver->resolve($route) [[{"Joomla\\FrameworkWebsite\\Controller\\HomepageController":[]},"execute"]] {"url":"/webservices/v3/api","ip":"2a05:f6c5:9361:0:59cf:e677:1c2c:ce45","http_method":"GET","server":"amigal.dk","referrer":null}
[2024-10-25T22:44:28.479369+00:00] Framework.INFO: WebApplication execute have called doExecute [] {"url":"/webservices/v3/api","ip":"2a05:f6c5:9361:0:59cf:e677:1c2c:ce45","http_method":"GET","server":"amigal.dk","referrer":null}
[2024-10-25T22:44:28.769928+00:00] Framework.INFO: WebApplication execute called [] {"url":"/webservices/v3/favicon.ico","ip":"2a05:f6c5:9361:0:59cf:e677:1c2c:ce45","http_method":"GET","server":"amigal.dk","referrer":"https://amigal.dk/webservices/v3/api"}
[2024-10-25T22:44:28.770092+00:00] Framework.INFO: WebApplication execute call doExecute [] {"url":"/webservices/v3/favicon.ico","ip":"2a05:f6c5:9361:0:59cf:e677:1c2c:ce45","http_method":"GET","server":"amigal.dk","referrer":"https://amigal.dk/webservices/v3/api"}
[2024-10-25T22:44:28.770115+00:00] Framework.INFO: WebApplication doExecute called [] {"url":"/webservices/v3/favicon.ico","ip":"2a05:f6c5:9361:0:59cf:e677:1c2c:ce45","http_method":"GET","server":"amigal.dk","referrer":"https://amigal.dk/webservices/v3/api"}
[2024-10-25T22:44:28.770211+00:00] Framework.INFO:  result of controllerResolver->resolve($route) [[{"Joomla\\FrameworkWebsite\\Controller\\HomepageController":[]},"execute"]] {"url":"/webservices/v3/favicon.ico","ip":"2a05:f6c5:9361:0:59cf:e677:1c2c:ce45","http_method":"GET","server":"amigal.dk","referrer":"https://amigal.dk/webservices/v3/api"}
[2024-10-25T22:44:28.775079+00:00] Framework.INFO: WebApplication execute have called doExecute [] {"url":"/webservices/v3/favicon.ico","ip":"2a05:f6c5:9361:0:59cf:e677:1c2c:ce45","http_method":"GET","server":"amigal.dk","referrer":"https://amigal.dk/webservices/v3/api"}
[2024-10-25T22:44:39.767728+00:00] Framework.INFO: WebApplication execute called [] {"url":"/webservices/v3/status","ip":"2a05:f6c5:9361:0:59cf:e677:1c2c:ce45","http_method":"GET","server":"amigal.dk","referrer":null}
[2024-10-25T22:44:39.767956+00:00] Framework.INFO: WebApplication execute call doExecute [] {"url":"/webservices/v3/status","ip":"2a05:f6c5:9361:0:59cf:e677:1c2c:ce45","http_method":"GET","server":"amigal.dk","referrer":null}
[2024-10-25T22:44:39.767979+00:00] Framework.INFO: WebApplication doExecute called [] {"url":"/webservices/v3/status","ip":"2a05:f6c5:9361:0:59cf:e677:1c2c:ce45","http_method":"GET","server":"amigal.dk","referrer":null}
[2024-10-25T22:44:39.768096+00:00] Framework.INFO:  result of controllerResolver->resolve($route) [[{"Joomla\\FrameworkWebsite\\Controller\\HomepageController":[]},"execute"]] {"url":"/webservices/v3/status","ip":"2a05:f6c5:9361:0:59cf:e677:1c2c:ce45","http_method":"GET","server":"amigal.dk","referrer":null}
[2024-10-25T22:44:39.773421+00:00] Framework.INFO: WebApplication execute have called doExecute [] {"url":"/webservices/v3/status","ip":"2a05:f6c5:9361:0:59cf:e677:1c2c:ce45","http_method":"GET","server":"amigal.dk","referrer":null}
[2024-10-25T22:44:51.283692+00:00] Framework.INFO: WebApplication execute called [] {"url":"/webservices/v3/api/status","ip":"2a05:f6c5:9361:0:59cf:e677:1c2c:ce45","http_method":"GET","server":"amigal.dk","referrer":null}
[2024-10-25T22:44:51.283890+00:00] Framework.INFO: WebApplication execute call doExecute [] {"url":"/webservices/v3/api/status","ip":"2a05:f6c5:9361:0:59cf:e677:1c2c:ce45","http_method":"GET","server":"amigal.dk","referrer":null}
[2024-10-25T22:44:51.283913+00:00] Framework.INFO: WebApplication doExecute called [] {"url":"/webservices/v3/api/status","ip":"2a05:f6c5:9361:0:59cf:e677:1c2c:ce45","http_method":"GET","server":"amigal.dk","referrer":null}
[2024-10-25T22:44:51.284031+00:00] Framework.INFO:  result of controllerResolver->resolve($route) [[{"Joomla\\FrameworkWebsite\\Controller\\HomepageController":[]},"execute"]] {"url":"/webservices/v3/api/status","ip":"2a05:f6c5:9361:0:59cf:e677:1c2c:ce45","http_method":"GET","server":"amigal.dk","referrer":null}
[2024-10-25T22:44:51.289245+00:00] Framework.INFO: WebApplication execute have called doExecute [] {"url":"/webservices/v3/api/status","ip":"2a05:f6c5:9361:0:59cf:e677:1c2c:ce45","http_method":"GET","server":"amigal.dk","referrer":null}
[2024-10-25T22:44:51.555554+00:00] Framework.INFO: WebApplication execute called [] {"url":"/webservices/v3/api/favicon.ico","ip":"2a05:f6c5:9361:0:59cf:e677:1c2c:ce45","http_method":"GET","server":"amigal.dk","referrer":"https://amigal.dk/webservices/v3/api/status"}
[2024-10-25T22:44:51.555695+00:00] Framework.INFO: WebApplication execute call doExecute [] {"url":"/webservices/v3/api/favicon.ico","ip":"2a05:f6c5:9361:0:59cf:e677:1c2c:ce45","http_method":"GET","server":"amigal.dk","referrer":"https://amigal.dk/webservices/v3/api/status"}
[2024-10-25T22:44:51.555726+00:00] Framework.INFO: WebApplication doExecute called [] {"url":"/webservices/v3/api/favicon.ico","ip":"2a05:f6c5:9361:0:59cf:e677:1c2c:ce45","http_method":"GET","server":"amigal.dk","referrer":"https://amigal.dk/webservices/v3/api/status"}
[2024-10-25T22:44:51.555815+00:00] Framework.INFO:  result of controllerResolver->resolve($route) [[{"Joomla\\FrameworkWebsite\\Controller\\HomepageController":[]},"execute"]] {"url":"/webservices/v3/api/favicon.ico","ip":"2a05:f6c5:9361:0:59cf:e677:1c2c:ce45","http_method":"GET","server":"amigal.dk","referrer":"https://amigal.dk/webservices/v3/api/status"}
[2024-10-25T22:44:51.560408+00:00] Framework.INFO: WebApplication execute have called doExecute [] {"url":"/webservices/v3/api/favicon.ico","ip":"2a05:f6c5:9361:0:59cf:e677:1c2c:ce45","http_method":"GET","server":"amigal.dk","referrer":"https://amigal.dk/webservices/v3/api/status"}
[2024-10-25T22:44:57.358739+00:00] Framework.INFO: WebApplication execute called [] {"url":"/webservices/v3/www/status","ip":"2a05:f6c5:9361:0:59cf:e677:1c2c:ce45","http_method":"GET","server":"amigal.dk","referrer":"https://amigal.dk/webservices/v3/api/status"}
[2024-10-25T22:44:57.358997+00:00] Framework.INFO: WebApplication execute call doExecute [] {"url":"/webservices/v3/www/status","ip":"2a05:f6c5:9361:0:59cf:e677:1c2c:ce45","http_method":"GET","server":"amigal.dk","referrer":"https://amigal.dk/webservices/v3/api/status"}
[2024-10-25T22:44:57.359030+00:00] Framework.INFO: WebApplication doExecute called [] {"url":"/webservices/v3/www/status","ip":"2a05:f6c5:9361:0:59cf:e677:1c2c:ce45","http_method":"GET","server":"amigal.dk","referrer":"https://amigal.dk/webservices/v3/api/status"}
[2024-10-25T22:44:57.366649+00:00] Framework.INFO:  result of controllerResolver->resolve($route) [[{"Joomla\\FrameworkWebsite\\Controller\\StatusController":[]},"execute"]] {"url":"/webservices/v3/www/status","ip":"2a05:f6c5:9361:0:59cf:e677:1c2c:ce45","http_method":"GET","server":"amigal.dk","referrer":"https://amigal.dk/webservices/v3/api/status"}
[2024-10-25T22:44:57.372690+00:00] Framework.ERROR: Uncaught Throwable of type Joomla\Database\Exception\ExecutionFailureException caught. {"exception":"[object] (Joomla\\Database\\Exception\\ExecutionFailureException(code: 42): 42S02, 1146, Table 'amigal_dk.app_packages' doesn't exist at /customers/c/3/8/amigal.dk/httpd.www/webservices/v3/vendor/joomla/database/src/Pdo/PdoDriver.php:452)"} {"url":"/webservices/v3/www/status","ip":"2a05:f6c5:9361:0:59cf:e677:1c2c:ce45","http_method":"GET","server":"amigal.dk","referrer":"https://amigal.dk/webservices/v3/api/status"}
[2024-10-25T22:45:01.922450+00:00] Framework.INFO: WebApplication execute called [] {"url":"/webservices/v3/www/status","ip":"2a05:f6c5:9361:0:59cf:e677:1c2c:ce45","http_method":"GET","server":"amigal.dk","referrer":"https://amigal.dk/webservices/v3/www/status"}
[2024-10-25T22:45:01.922658+00:00] Framework.INFO: WebApplication execute call doExecute [] {"url":"/webservices/v3/www/status","ip":"2a05:f6c5:9361:0:59cf:e677:1c2c:ce45","http_method":"GET","server":"amigal.dk","referrer":"https://amigal.dk/webservices/v3/www/status"}
[2024-10-25T22:45:01.922681+00:00] Framework.INFO: WebApplication doExecute called [] {"url":"/webservices/v3/www/status","ip":"2a05:f6c5:9361:0:59cf:e677:1c2c:ce45","http_method":"GET","server":"amigal.dk","referrer":"https://amigal.dk/webservices/v3/www/status"}
[2024-10-25T22:45:01.923140+00:00] Framework.INFO:  result of controllerResolver->resolve($route) [[{"Joomla\\FrameworkWebsite\\Controller\\StatusController":[]},"execute"]] {"url":"/webservices/v3/www/status","ip":"2a05:f6c5:9361:0:59cf:e677:1c2c:ce45","http_method":"GET","server":"amigal.dk","referrer":"https://amigal.dk/webservices/v3/www/status"}
[2024-10-25T22:45:01.924759+00:00] Framework.ERROR: Uncaught Throwable of type Joomla\Database\Exception\ExecutionFailureException caught. {"exception":"[object] (Joomla\\Database\\Exception\\ExecutionFailureException(code: 42): 42S02, 1146, Table 'amigal_dk.app_packages' doesn't exist at /customers/c/3/8/amigal.dk/httpd.www/webservices/v3/vendor/joomla/database/src/Pdo/PdoDriver.php:452)"} {"url":"/webservices/v3/www/status","ip":"2a05:f6c5:9361:0:59cf:e677:1c2c:ce45","http_method":"GET","server":"amigal.dk","referrer":"https://amigal.dk/webservices/v3/www/status"}
[2024-10-25T22:45:12.603307+00:00] Framework.INFO: WebApplication execute called [] {"url":"/webservices/v3/www/api/status","ip":"2a05:f6c5:9361:0:59cf:e677:1c2c:ce45","http_method":"GET","server":"amigal.dk","referrer":null}
[2024-10-25T22:45:12.603508+00:00] Framework.INFO: WebApplication execute call doExecute [] {"url":"/webservices/v3/www/api/status","ip":"2a05:f6c5:9361:0:59cf:e677:1c2c:ce45","http_method":"GET","server":"amigal.dk","referrer":null}
[2024-10-25T22:45:12.603531+00:00] Framework.INFO: WebApplication doExecute called [] {"url":"/webservices/v3/www/api/status","ip":"2a05:f6c5:9361:0:59cf:e677:1c2c:ce45","http_method":"GET","server":"amigal.dk","referrer":null}
[2024-10-25T22:45:12.603803+00:00] Framework.ERROR: Route `api/status` not found {"exception":"[object] (Joomla\\Router\\Exception\\RouteNotFoundException(code: 404): Unable to handle request for route `api/status`. at /customers/c/3/8/amigal.dk/httpd.www/webservices/v3/vendor/joomla/router/src/Router.php:149)"} {"url":"/webservices/v3/www/api/status","ip":"2a05:f6c5:9361:0:59cf:e677:1c2c:ce45","http_method":"GET","server":"amigal.dk","referrer":null}
[2024-10-25T22:45:21.619029+00:00] Framework.INFO: WebApplication execute called [] {"url":"/webservices/v3/www/api/v1/packages","ip":"2a05:f6c5:9361:0:59cf:e677:1c2c:ce45","http_method":"GET","server":"amigal.dk","referrer":null}
[2024-10-25T22:45:21.619230+00:00] Framework.INFO: WebApplication execute call doExecute [] {"url":"/webservices/v3/www/api/v1/packages","ip":"2a05:f6c5:9361:0:59cf:e677:1c2c:ce45","http_method":"GET","server":"amigal.dk","referrer":null}
[2024-10-25T22:45:21.619253+00:00] Framework.INFO: WebApplication doExecute called [] {"url":"/webservices/v3/www/api/v1/packages","ip":"2a05:f6c5:9361:0:59cf:e677:1c2c:ce45","http_method":"GET","server":"amigal.dk","referrer":null}
[2024-10-25T22:45:21.620939+00:00] Framework.INFO:  result of controllerResolver->resolve($route) [[{"Joomla\\FrameworkWebsite\\Controller\\Api\\StatusControllerGet":[]},"execute"]] {"url":"/webservices/v3/www/api/v1/packages","ip":"2a05:f6c5:9361:0:59cf:e677:1c2c:ce45","http_method":"GET","server":"amigal.dk","referrer":null}
[2024-10-25T22:45:21.623085+00:00] Framework.ERROR: Uncaught Throwable of type Joomla\Database\Exception\ExecutionFailureException caught. {"exception":"[object] (Joomla\\Database\\Exception\\ExecutionFailureException(code: 42): 42S02, 1146, Table 'amigal_dk.app_packages' doesn't exist at /customers/c/3/8/amigal.dk/httpd.www/webservices/v3/vendor/joomla/database/src/Pdo/PdoDriver.php:452)"} {"url":"/webservices/v3/www/api/v1/packages","ip":"2a05:f6c5:9361:0:59cf:e677:1c2c:ce45","http_method":"GET","server":"amigal.dk","referrer":null}
[2024-10-25T22:46:20.016563+00:00] Framework.INFO: WebApplication execute called [] {"url":"/webservices/v3/api/v1/packages","ip":"2a05:f6c5:9361:0:59cf:e677:1c2c:ce45","http_method":"GET","server":"amigal.dk","referrer":null}
[2024-10-25T22:46:20.018243+00:00] Framework.INFO: WebApplication execute call doExecute [] {"url":"/webservices/v3/api/v1/packages","ip":"2a05:f6c5:9361:0:59cf:e677:1c2c:ce45","http_method":"GET","server":"amigal.dk","referrer":null}
[2024-10-25T22:46:20.018270+00:00] Framework.INFO: WebApplication doExecute called [] {"url":"/webservices/v3/api/v1/packages","ip":"2a05:f6c5:9361:0:59cf:e677:1c2c:ce45","http_method":"GET","server":"amigal.dk","referrer":null}
[2024-10-25T22:46:20.018747+00:00] Framework.INFO:  result of controllerResolver->resolve($route) [[{"Joomla\\FrameworkWebsite\\Controller\\HomepageController":[]},"execute"]] {"url":"/webservices/v3/api/v1/packages","ip":"2a05:f6c5:9361:0:59cf:e677:1c2c:ce45","http_method":"GET","server":"amigal.dk","referrer":null}
[2024-10-25T22:46:20.042269+00:00] Framework.INFO: WebApplication execute have called doExecute [] {"url":"/webservices/v3/api/v1/packages","ip":"2a05:f6c5:9361:0:59cf:e677:1c2c:ce45","http_method":"GET","server":"amigal.dk","referrer":null}
[2024-10-25T22:46:27.607536+00:00] Framework.INFO: WebApplication execute called [] {"url":"/webservices/v3/api/v1/packages","ip":"2a05:f6c5:9361:0:59cf:e677:1c2c:ce45","http_method":"GET","server":"amigal.dk","referrer":null}
[2024-10-25T22:46:27.609223+00:00] Framework.INFO: WebApplication execute call doExecute [] {"url":"/webservices/v3/api/v1/packages","ip":"2a05:f6c5:9361:0:59cf:e677:1c2c:ce45","http_method":"GET","server":"amigal.dk","referrer":null}
[2024-10-25T22:46:27.609252+00:00] Framework.INFO: WebApplication doExecute called [] {"url":"/webservices/v3/api/v1/packages","ip":"2a05:f6c5:9361:0:59cf:e677:1c2c:ce45","http_method":"GET","server":"amigal.dk","referrer":null}
[2024-10-25T22:46:27.609721+00:00] Framework.INFO:  result of controllerResolver->resolve($route) [[{"Joomla\\FrameworkWebsite\\Controller\\HomepageController":[]},"execute"]] {"url":"/webservices/v3/api/v1/packages","ip":"2a05:f6c5:9361:0:59cf:e677:1c2c:ce45","http_method":"GET","server":"amigal.dk","referrer":null}
[2024-10-25T22:46:27.633952+00:00] Framework.INFO: WebApplication execute have called doExecute [] {"url":"/webservices/v3/api/v1/packages","ip":"2a05:f6c5:9361:0:59cf:e677:1c2c:ce45","http_method":"GET","server":"amigal.dk","referrer":null}
[2024-10-25T22:46:29.219940+00:00] Framework.INFO: WebApplication execute called [] {"url":"/webservices/v3/api/v1/packages","ip":"2a05:f6c5:9361:0:59cf:e677:1c2c:ce45","http_method":"GET","server":"amigal.dk","referrer":null}
[2024-10-25T22:46:29.220087+00:00] Framework.INFO: WebApplication execute call doExecute [] {"url":"/webservices/v3/api/v1/packages","ip":"2a05:f6c5:9361:0:59cf:e677:1c2c:ce45","http_method":"GET","server":"amigal.dk","referrer":null}
[2024-10-25T22:46:29.220110+00:00] Framework.INFO: WebApplication doExecute called [] {"url":"/webservices/v3/api/v1/packages","ip":"2a05:f6c5:9361:0:59cf:e677:1c2c:ce45","http_method":"GET","server":"amigal.dk","referrer":null}
[2024-10-25T22:46:29.220201+00:00] Framework.INFO:  result of controllerResolver->resolve($route) [[{"Joomla\\FrameworkWebsite\\Controller\\HomepageController":[]},"execute"]] {"url":"/webservices/v3/api/v1/packages","ip":"2a05:f6c5:9361:0:59cf:e677:1c2c:ce45","http_method":"GET","server":"amigal.dk","referrer":null}
[2024-10-25T22:46:29.224877+00:00] Framework.INFO: WebApplication execute have called doExecute [] {"url":"/webservices/v3/api/v1/packages","ip":"2a05:f6c5:9361:0:59cf:e677:1c2c:ce45","http_method":"GET","server":"amigal.dk","referrer":null}
[2024-10-25T22:46:38.040614+00:00] Framework.INFO: WebApplication execute called [] {"url":"/webservices/v3/api/v1/status","ip":"2a05:f6c5:9361:0:59cf:e677:1c2c:ce45","http_method":"GET","server":"amigal.dk","referrer":null}
[2024-10-25T22:46:38.040826+00:00] Framework.INFO: WebApplication execute call doExecute [] {"url":"/webservices/v3/api/v1/status","ip":"2a05:f6c5:9361:0:59cf:e677:1c2c:ce45","http_method":"GET","server":"amigal.dk","referrer":null}
[2024-10-25T22:46:38.040849+00:00] Framework.INFO: WebApplication doExecute called [] {"url":"/webservices/v3/api/v1/status","ip":"2a05:f6c5:9361:0:59cf:e677:1c2c:ce45","http_method":"GET","server":"amigal.dk","referrer":null}
[2024-10-25T22:46:38.040975+00:00] Framework.INFO:  result of controllerResolver->resolve($route) [[{"Joomla\\FrameworkWebsite\\Controller\\HomepageController":[]},"execute"]] {"url":"/webservices/v3/api/v1/status","ip":"2a05:f6c5:9361:0:59cf:e677:1c2c:ce45","http_method":"GET","server":"amigal.dk","referrer":null}
[2024-10-25T22:46:38.046576+00:00] Framework.INFO: WebApplication execute have called doExecute [] {"url":"/webservices/v3/api/v1/status","ip":"2a05:f6c5:9361:0:59cf:e677:1c2c:ce45","http_method":"GET","server":"amigal.dk","referrer":null}
[2024-10-25T22:47:05.768362+00:00] Framework.INFO: WebApplication execute called [] {"url":"/webservices/v3/www/status","ip":"2a05:f6c5:9361:0:59cf:e677:1c2c:ce45","http_method":"GET","server":"amigal.dk","referrer":null}
[2024-10-25T22:47:05.768574+00:00] Framework.INFO: WebApplication execute call doExecute [] {"url":"/webservices/v3/www/status","ip":"2a05:f6c5:9361:0:59cf:e677:1c2c:ce45","http_method":"GET","server":"amigal.dk","referrer":null}
[2024-10-25T22:47:05.768597+00:00] Framework.INFO: WebApplication doExecute called [] {"url":"/webservices/v3/www/status","ip":"2a05:f6c5:9361:0:59cf:e677:1c2c:ce45","http_method":"GET","server":"amigal.dk","referrer":null}
[2024-10-25T22:47:05.779679+00:00] Framework.INFO:  result of controllerResolver->resolve($route) [[{"Joomla\\FrameworkWebsite\\Controller\\StatusController":[]},"execute"]] {"url":"/webservices/v3/www/status","ip":"2a05:f6c5:9361:0:59cf:e677:1c2c:ce45","http_method":"GET","server":"amigal.dk","referrer":null}
[2024-10-25T22:47:05.791478+00:00] Framework.ERROR: Uncaught Throwable of type Joomla\Database\Exception\ExecutionFailureException caught. {"exception":"[object] (Joomla\\Database\\Exception\\ExecutionFailureException(code: 42): 42S02, 1146, Table 'amigal_dk.app_packages' doesn't exist at /customers/c/3/8/amigal.dk/httpd.www/webservices/v3/vendor/joomla/database/src/Pdo/PdoDriver.php:452)"} {"url":"/webservices/v3/www/status","ip":"2a05:f6c5:9361:0:59cf:e677:1c2c:ce45","http_method":"GET","server":"amigal.dk","referrer":null}
[2024-10-25T22:48:14.127178+00:00] Framework.INFO: WebApplication execute called [] {"url":"/webservices/v3/www/status","ip":"2a05:f6c5:9361:0:59cf:e677:1c2c:ce45","http_method":"GET","server":"amigal.dk","referrer":null}
[2024-10-25T22:48:14.127373+00:00] Framework.INFO: WebApplication execute call doExecute [] {"url":"/webservices/v3/www/status","ip":"2a05:f6c5:9361:0:59cf:e677:1c2c:ce45","http_method":"GET","server":"amigal.dk","referrer":null}
[2024-10-25T22:48:14.127396+00:00] Framework.INFO: WebApplication doExecute called [] {"url":"/webservices/v3/www/status","ip":"2a05:f6c5:9361:0:59cf:e677:1c2c:ce45","http_method":"GET","server":"amigal.dk","referrer":null}
[2024-10-25T22:48:14.127741+00:00] Framework.INFO:  result of controllerResolver->resolve($route) [[{"Joomla\\FrameworkWebsite\\Controller\\StatusController":[]},"execute"]] {"url":"/webservices/v3/www/status","ip":"2a05:f6c5:9361:0:59cf:e677:1c2c:ce45","http_method":"GET","server":"amigal.dk","referrer":null}
[2024-10-25T22:48:14.129973+00:00] Framework.ERROR: Uncaught Throwable of type Joomla\Database\Exception\ExecutionFailureException caught. {"exception":"[object] (Joomla\\Database\\Exception\\ExecutionFailureException(code: 42): 42S02, 1146, Table 'amigal_dk.app_packages' doesn't exist at /customers/c/3/8/amigal.dk/httpd.www/webservices/v3/vendor/joomla/database/src/Pdo/PdoDriver.php:452)"} {"url":"/webservices/v3/www/status","ip":"2a05:f6c5:9361:0:59cf:e677:1c2c:ce45","http_method":"GET","server":"amigal.dk","referrer":null}
[2024-10-25T22:48:27.077013+00:00] Framework.INFO: WebApplication execute called [] {"url":"/webservices/v3/index.php?view=api","ip":"2a05:f6c5:9361:0:59cf:e677:1c2c:ce45","http_method":"GET","server":"amigal.dk","referrer":null}
[2024-10-25T22:48:27.077204+00:00] Framework.INFO: WebApplication execute call doExecute [] {"url":"/webservices/v3/index.php?view=api","ip":"2a05:f6c5:9361:0:59cf:e677:1c2c:ce45","http_method":"GET","server":"amigal.dk","referrer":null}
[2024-10-25T22:48:27.077226+00:00] Framework.INFO: WebApplication doExecute called [] {"url":"/webservices/v3/index.php?view=api","ip":"2a05:f6c5:9361:0:59cf:e677:1c2c:ce45","http_method":"GET","server":"amigal.dk","referrer":null}
[2024-10-25T22:48:27.077341+00:00] Framework.INFO:  result of controllerResolver->resolve($route) [[{"Joomla\\FrameworkWebsite\\Controller\\HomepageController":[]},"execute"]] {"url":"/webservices/v3/index.php?view=api","ip":"2a05:f6c5:9361:0:59cf:e677:1c2c:ce45","http_method":"GET","server":"amigal.dk","referrer":null}
[2024-10-25T22:48:27.082502+00:00] Framework.INFO: WebApplication execute have called doExecute [] {"url":"/webservices/v3/index.php?view=api","ip":"2a05:f6c5:9361:0:59cf:e677:1c2c:ce45","http_method":"GET","server":"amigal.dk","referrer":null}
[2024-10-25T22:49:49.270095+00:00] Framework.INFO: WebApplication execute called [] {"url":"/webservices/v3/www/index.php?view=api","ip":"2a05:f6c5:9361:0:59cf:e677:1c2c:ce45","http_method":"GET","server":"amigal.dk","referrer":null}
[2024-10-25T22:49:49.271780+00:00] Framework.INFO: WebApplication execute call doExecute [] {"url":"/webservices/v3/www/index.php?view=api","ip":"2a05:f6c5:9361:0:59cf:e677:1c2c:ce45","http_method":"GET","server":"amigal.dk","referrer":null}
[2024-10-25T22:49:49.271808+00:00] Framework.INFO: WebApplication doExecute called [] {"url":"/webservices/v3/www/index.php?view=api","ip":"2a05:f6c5:9361:0:59cf:e677:1c2c:ce45","http_method":"GET","server":"amigal.dk","referrer":null}
[2024-10-25T22:49:49.272543+00:00] Framework.INFO:  result of controllerResolver->resolve($route) [[{"Joomla\\FrameworkWebsite\\Controller\\PageController":[]},"execute"]] {"url":"/webservices/v3/www/index.php?view=api","ip":"2a05:f6c5:9361:0:59cf:e677:1c2c:ce45","http_method":"GET","server":"amigal.dk","referrer":null}
[2024-10-25T22:49:49.296012+00:00] Framework.INFO: WebApplication execute have called doExecute [] {"url":"/webservices/v3/www/index.php?view=api","ip":"2a05:f6c5:9361:0:59cf:e677:1c2c:ce45","http_method":"GET","server":"amigal.dk","referrer":null}
[2024-10-25T22:49:54.441057+00:00] Framework.INFO: WebApplication execute called [] {"url":"/webservices/v3/index.php?view=api","ip":"2a05:f6c5:9361:0:59cf:e677:1c2c:ce45","http_method":"GET","server":"amigal.dk","referrer":null}
[2024-10-25T22:49:54.441264+00:00] Framework.INFO: WebApplication execute call doExecute [] {"url":"/webservices/v3/index.php?view=api","ip":"2a05:f6c5:9361:0:59cf:e677:1c2c:ce45","http_method":"GET","server":"amigal.dk","referrer":null}
[2024-10-25T22:49:54.441287+00:00] Framework.INFO: WebApplication doExecute called [] {"url":"/webservices/v3/index.php?view=api","ip":"2a05:f6c5:9361:0:59cf:e677:1c2c:ce45","http_method":"GET","server":"amigal.dk","referrer":null}
[2024-10-25T22:49:54.441405+00:00] Framework.INFO:  result of controllerResolver->resolve($route) [[{"Joomla\\FrameworkWebsite\\Controller\\HomepageController":[]},"execute"]] {"url":"/webservices/v3/index.php?view=api","ip":"2a05:f6c5:9361:0:59cf:e677:1c2c:ce45","http_method":"GET","server":"amigal.dk","referrer":null}
[2024-10-25T22:49:54.446698+00:00] Framework.INFO: WebApplication execute have called doExecute [] {"url":"/webservices/v3/index.php?view=api","ip":"2a05:f6c5:9361:0:59cf:e677:1c2c:ce45","http_method":"GET","server":"amigal.dk","referrer":null}
[2024-10-25T22:50:00.791756+00:00] Framework.INFO: WebApplication execute called [] {"url":"/webservices/v3/www/status","ip":"2a05:f6c5:9361:0:59cf:e677:1c2c:ce45","http_method":"GET","server":"amigal.dk","referrer":null}
[2024-10-25T22:50:00.791953+00:00] Framework.INFO: WebApplication execute call doExecute [] {"url":"/webservices/v3/www/status","ip":"2a05:f6c5:9361:0:59cf:e677:1c2c:ce45","http_method":"GET","server":"amigal.dk","referrer":null}
[2024-10-25T22:50:00.791976+00:00] Framework.INFO: WebApplication doExecute called [] {"url":"/webservices/v3/www/status","ip":"2a05:f6c5:9361:0:59cf:e677:1c2c:ce45","http_method":"GET","server":"amigal.dk","referrer":null}
[2024-10-25T22:50:00.792349+00:00] Framework.INFO:  result of controllerResolver->resolve($route) [[{"Joomla\\FrameworkWebsite\\Controller\\StatusController":[]},"execute"]] {"url":"/webservices/v3/www/status","ip":"2a05:f6c5:9361:0:59cf:e677:1c2c:ce45","http_method":"GET","server":"amigal.dk","referrer":null}
[2024-10-25T22:50:00.794104+00:00] Framework.ERROR: Uncaught Throwable of type Joomla\Database\Exception\ExecutionFailureException caught. {"exception":"[object] (Joomla\\Database\\Exception\\ExecutionFailureException(code: 42): 42S02, 1146, Table 'amigal_dk.app_packages' doesn't exist at /customers/c/3/8/amigal.dk/httpd.www/webservices/v3/vendor/joomla/database/src/Pdo/PdoDriver.php:452)"} {"url":"/webservices/v3/www/status","ip":"2a05:f6c5:9361:0:59cf:e677:1c2c:ce45","http_method":"GET","server":"amigal.dk","referrer":null}
[2024-10-25T22:52:08.862571+00:00] Framework.INFO: WebApplication execute called [] {"url":"/webservices/v3/www/status","ip":"2a05:f6c5:9361:0:59cf:e677:1c2c:ce45","http_method":"GET","server":"amigal.dk","referrer":null}
[2024-10-25T22:52:08.862979+00:00] Framework.INFO: WebApplication execute call doExecute [] {"url":"/webservices/v3/www/status","ip":"2a05:f6c5:9361:0:59cf:e677:1c2c:ce45","http_method":"GET","server":"amigal.dk","referrer":null}
[2024-10-25T22:52:08.863003+00:00] Framework.INFO: WebApplication doExecute called [] {"url":"/webservices/v3/www/status","ip":"2a05:f6c5:9361:0:59cf:e677:1c2c:ce45","http_method":"GET","server":"amigal.dk","referrer":null}
[2024-10-25T22:52:08.863354+00:00] Framework.INFO:  result of controllerResolver->resolve($route) [[{"Joomla\\FrameworkWebsite\\Controller\\StatusController":[]},"execute"]] {"url":"/webservices/v3/www/status","ip":"2a05:f6c5:9361:0:59cf:e677:1c2c:ce45","http_method":"GET","server":"amigal.dk","referrer":null}
[2024-10-25T22:52:08.865191+00:00] Framework.ERROR: Uncaught Throwable of type Joomla\Database\Exception\ExecutionFailureException caught. {"exception":"[object] (Joomla\\Database\\Exception\\ExecutionFailureException(code: 42): 42S02, 1146, Table 'amigal_dk.app_packages' doesn't exist at /customers/c/3/8/amigal.dk/httpd.www/webservices/v3/vendor/joomla/database/src/Pdo/PdoDriver.php:452)"} {"url":"/webservices/v3/www/status","ip":"2a05:f6c5:9361:0:59cf:e677:1c2c:ce45","http_method":"GET","server":"amigal.dk","referrer":null}
[2024-10-25T22:56:35.447274+00:00] Framework.INFO: WebApplication execute called [] {"url":"/webservices/v3/www/api/v1/packages","ip":"2a05:f6c5:9361:0:59cf:e677:1c2c:ce45","http_method":"GET","server":"amigal.dk","referrer":null}
[2024-10-25T22:56:35.452632+00:00] Framework.INFO: WebApplication execute call doExecute [] {"url":"/webservices/v3/www/api/v1/packages","ip":"2a05:f6c5:9361:0:59cf:e677:1c2c:ce45","http_method":"GET","server":"amigal.dk","referrer":null}
[2024-10-25T22:56:35.452666+00:00] Framework.INFO: WebApplication doExecute called [] {"url":"/webservices/v3/www/api/v1/packages","ip":"2a05:f6c5:9361:0:59cf:e677:1c2c:ce45","http_method":"GET","server":"amigal.dk","referrer":null}
[2024-10-25T22:56:35.468786+00:00] Framework.INFO:  result of controllerResolver->resolve($route) [[{"Joomla\\FrameworkWebsite\\Controller\\Api\\StatusControllerGet":[]},"execute"]] {"url":"/webservices/v3/www/api/v1/packages","ip":"2a05:f6c5:9361:0:59cf:e677:1c2c:ce45","http_method":"GET","server":"amigal.dk","referrer":null}
[2024-10-25T22:56:35.475937+00:00] Framework.ERROR: Uncaught Throwable of type Joomla\Database\Exception\ExecutionFailureException caught. {"exception":"[object] (Joomla\\Database\\Exception\\ExecutionFailureException(code: 42): 42S02, 1146, Table 'amigal_dk.app_packages' doesn't exist at /customers/c/3/8/amigal.dk/httpd.www/webservices/v3/vendor/joomla/database/src/Pdo/PdoDriver.php:452)"} {"url":"/webservices/v3/www/api/v1/packages","ip":"2a05:f6c5:9361:0:59cf:e677:1c2c:ce45","http_method":"GET","server":"amigal.dk","referrer":null}
[2024-10-25T23:12:25.261010+00:00] Framework.INFO: WebApplication execute called [] {"url":"/webservices/v3/www/index.php?view=package","ip":"2a05:f6c5:9361:0:59cf:e677:1c2c:ce45","http_method":"GET","server":"amigal.dk","referrer":null}
[2024-10-25T23:12:25.261513+00:00] Framework.INFO: WebApplication execute call doExecute [] {"url":"/webservices/v3/www/index.php?view=package","ip":"2a05:f6c5:9361:0:59cf:e677:1c2c:ce45","http_method":"GET","server":"amigal.dk","referrer":null}
[2024-10-25T23:12:25.261538+00:00] Framework.INFO: WebApplication doExecute called [] {"url":"/webservices/v3/www/index.php?view=package","ip":"2a05:f6c5:9361:0:59cf:e677:1c2c:ce45","http_method":"GET","server":"amigal.dk","referrer":null}
[2024-10-25T23:12:25.261666+00:00] Framework.INFO:  result of controllerResolver->resolve($route) [[{"Joomla\\FrameworkWebsite\\Controller\\PageController":[]},"execute"]] {"url":"/webservices/v3/www/index.php?view=package","ip":"2a05:f6c5:9361:0:59cf:e677:1c2c:ce45","http_method":"GET","server":"amigal.dk","referrer":null}
[2024-10-25T23:12:25.261785+00:00] Framework.ERROR: Route `index.php?view=package` not found {"exception":"[object] (Joomla\\Router\\Exception\\RouteNotFoundException(code: 404): Unable to handle request for route `index.php?view=package`. at /customers/c/3/8/amigal.dk/httpd.www/webservices/v3/src/Controller/PageController.php:68)"} {"url":"/webservices/v3/www/index.php?view=package","ip":"2a05:f6c5:9361:0:59cf:e677:1c2c:ce45","http_method":"GET","server":"amigal.dk","referrer":null}
[2024-10-25T23:12:30.753218+00:00] Framework.INFO: WebApplication execute called [] {"url":"/webservices/v3/www/index.php?view=api","ip":"2a05:f6c5:9361:0:59cf:e677:1c2c:ce45","http_method":"GET","server":"amigal.dk","referrer":null}
[2024-10-25T23:12:30.753428+00:00] Framework.INFO: WebApplication execute call doExecute [] {"url":"/webservices/v3/www/index.php?view=api","ip":"2a05:f6c5:9361:0:59cf:e677:1c2c:ce45","http_method":"GET","server":"amigal.dk","referrer":null}
[2024-10-25T23:12:30.753451+00:00] Framework.INFO: WebApplication doExecute called [] {"url":"/webservices/v3/www/index.php?view=api","ip":"2a05:f6c5:9361:0:59cf:e677:1c2c:ce45","http_method":"GET","server":"amigal.dk","referrer":null}
[2024-10-25T23:12:30.753574+00:00] Framework.INFO:  result of controllerResolver->resolve($route) [[{"Joomla\\FrameworkWebsite\\Controller\\PageController":[]},"execute"]] {"url":"/webservices/v3/www/index.php?view=api","ip":"2a05:f6c5:9361:0:59cf:e677:1c2c:ce45","http_method":"GET","server":"amigal.dk","referrer":null}
[2024-10-25T23:12:30.758425+00:00] Framework.INFO: WebApplication execute have called doExecute [] {"url":"/webservices/v3/www/index.php?view=api","ip":"2a05:f6c5:9361:0:59cf:e677:1c2c:ce45","http_method":"GET","server":"amigal.dk","referrer":null}
[2024-10-25T23:13:18.056312+00:00] Framework.INFO: WebApplication execute called [] {"url":"/webservices/v3/www/status","ip":"2a05:f6c5:9361:0:59cf:e677:1c2c:ce45","http_method":"GET","server":"amigal.dk","referrer":"https://amigal.dk/webservices/v3/www/index.php?view=api"}
[2024-10-25T23:13:18.058011+00:00] Framework.INFO: WebApplication execute call doExecute [] {"url":"/webservices/v3/www/status","ip":"2a05:f6c5:9361:0:59cf:e677:1c2c:ce45","http_method":"GET","server":"amigal.dk","referrer":"https://amigal.dk/webservices/v3/www/index.php?view=api"}
[2024-10-25T23:13:18.058040+00:00] Framework.INFO: WebApplication doExecute called [] {"url":"/webservices/v3/www/status","ip":"2a05:f6c5:9361:0:59cf:e677:1c2c:ce45","http_method":"GET","server":"amigal.dk","referrer":"https://amigal.dk/webservices/v3/www/index.php?view=api"}
[2024-10-25T23:13:18.063600+00:00] Framework.INFO:  result of controllerResolver->resolve($route) [[{"Joomla\\FrameworkWebsite\\Controller\\StatusController":[]},"execute"]] {"url":"/webservices/v3/www/status","ip":"2a05:f6c5:9361:0:59cf:e677:1c2c:ce45","http_method":"GET","server":"amigal.dk","referrer":"https://amigal.dk/webservices/v3/www/index.php?view=api"}
[2024-10-25T23:13:18.069323+00:00] Framework.ERROR: Uncaught Throwable of type Joomla\Database\Exception\ExecutionFailureException caught. {"exception":"[object] (Joomla\\Database\\Exception\\ExecutionFailureException(code: 42): 42S02, 1146, Table 'amigal_dk.app_packages' doesn't exist at /customers/c/3/8/amigal.dk/httpd.www/webservices/v3/vendor/joomla/database/src/Pdo/PdoDriver.php:452)"} {"url":"/webservices/v3/www/status","ip":"2a05:f6c5:9361:0:59cf:e677:1c2c:ce45","http_method":"GET","server":"amigal.dk","referrer":"https://amigal.dk/webservices/v3/www/index.php?view=api"}
[2024-10-25T23:13:32.252069+00:00] Framework.INFO: WebApplication execute called [] {"url":"/webservices/v3/www/api/v1/packages","ip":"2a05:f6c5:9361:0:59cf:e677:1c2c:ce45","http_method":"GET","server":"amigal.dk","referrer":null}
[2024-10-25T23:13:32.253745+00:00] Framework.INFO: WebApplication execute call doExecute [] {"url":"/webservices/v3/www/api/v1/packages","ip":"2a05:f6c5:9361:0:59cf:e677:1c2c:ce45","http_method":"GET","server":"amigal.dk","referrer":null}
[2024-10-25T23:13:32.253776+00:00] Framework.INFO: WebApplication doExecute called [] {"url":"/webservices/v3/www/api/v1/packages","ip":"2a05:f6c5:9361:0:59cf:e677:1c2c:ce45","http_method":"GET","server":"amigal.dk","referrer":null}
[2024-10-25T23:13:32.260788+00:00] Framework.INFO:  result of controllerResolver->resolve($route) [[{"Joomla\\FrameworkWebsite\\Controller\\Api\\StatusControllerGet":[]},"execute"]] {"url":"/webservices/v3/www/api/v1/packages","ip":"2a05:f6c5:9361:0:59cf:e677:1c2c:ce45","http_method":"GET","server":"amigal.dk","referrer":null}
[2024-10-25T23:13:32.267093+00:00] Framework.ERROR: Uncaught Throwable of type Joomla\Database\Exception\ExecutionFailureException caught. {"exception":"[object] (Joomla\\Database\\Exception\\ExecutionFailureException(code: 42): 42S02, 1146, Table 'amigal_dk.app_packages' doesn't exist at /customers/c/3/8/amigal.dk/httpd.www/webservices/v3/vendor/joomla/database/src/Pdo/PdoDriver.php:452)"} {"url":"/webservices/v3/www/api/v1/packages","ip":"2a05:f6c5:9361:0:59cf:e677:1c2c:ce45","http_method":"GET","server":"amigal.dk","referrer":null}
[2024-10-25T23:13:36.655401+00:00] Framework.INFO: WebApplication execute called [] {"url":"/webservices/v3/www/status","ip":"2a05:f6c5:9361:0:59cf:e677:1c2c:ce45","http_method":"GET","server":"amigal.dk","referrer":null}
[2024-10-25T23:13:36.655609+00:00] Framework.INFO: WebApplication execute call doExecute [] {"url":"/webservices/v3/www/status","ip":"2a05:f6c5:9361:0:59cf:e677:1c2c:ce45","http_method":"GET","server":"amigal.dk","referrer":null}
[2024-10-25T23:13:36.655631+00:00] Framework.INFO: WebApplication doExecute called [] {"url":"/webservices/v3/www/status","ip":"2a05:f6c5:9361:0:59cf:e677:1c2c:ce45","http_method":"GET","server":"amigal.dk","referrer":null}
[2024-10-25T23:13:36.656369+00:00] Framework.INFO:  result of controllerResolver->resolve($route) [[{"Joomla\\FrameworkWebsite\\Controller\\StatusController":[]},"execute"]] {"url":"/webservices/v3/www/status","ip":"2a05:f6c5:9361:0:59cf:e677:1c2c:ce45","http_method":"GET","server":"amigal.dk","referrer":null}
[2024-10-25T23:13:36.658617+00:00] Framework.ERROR: Uncaught Throwable of type Joomla\Database\Exception\ExecutionFailureException caught. {"exception":"[object] (Joomla\\Database\\Exception\\ExecutionFailureException(code: 42): 42S02, 1146, Table 'amigal_dk.app_packages' doesn't exist at /customers/c/3/8/amigal.dk/httpd.www/webservices/v3/vendor/joomla/database/src/Pdo/PdoDriver.php:452)"} {"url":"/webservices/v3/www/status","ip":"2a05:f6c5:9361:0:59cf:e677:1c2c:ce45","http_method":"GET","server":"amigal.dk","referrer":null}
[2024-10-27T12:04:33.817694+00:00] Framework.INFO: WebApplication execute called [] {"url":"/webservices/v3/www/index.php?view=api","ip":"2a05:f6c5:9361:0:f5b2:4862:4d56:50cd","http_method":"GET","server":"amigal.dk","referrer":null}
[2024-10-27T12:04:33.826501+00:00] Framework.INFO: WebApplication execute call doExecute [] {"url":"/webservices/v3/www/index.php?view=api","ip":"2a05:f6c5:9361:0:f5b2:4862:4d56:50cd","http_method":"GET","server":"amigal.dk","referrer":null}
[2024-10-27T12:04:33.826535+00:00] Framework.INFO: WebApplication doExecute called [] {"url":"/webservices/v3/www/index.php?view=api","ip":"2a05:f6c5:9361:0:f5b2:4862:4d56:50cd","http_method":"GET","server":"amigal.dk","referrer":null}
[2024-10-27T12:04:33.833600+00:00] Framework.INFO:  result of controllerResolver->resolve($route) [[{"Joomla\\FrameworkWebsite\\Controller\\PageController":[]},"execute"]] {"url":"/webservices/v3/www/index.php?view=api","ip":"2a05:f6c5:9361:0:f5b2:4862:4d56:50cd","http_method":"GET","server":"amigal.dk","referrer":null}
[2024-10-27T12:04:33.902537+00:00] Framework.INFO: WebApplication execute have called doExecute [] {"url":"/webservices/v3/www/index.php?view=api","ip":"2a05:f6c5:9361:0:f5b2:4862:4d56:50cd","http_method":"GET","server":"amigal.dk","referrer":null}
[2024-10-27T12:05:28.966976+00:00] Framework.INFO: WebApplication execute called [] {"url":"/webservices/v3/index.php?view=api","ip":"2a09:bac3:2ff0:28c::41:6a","http_method":"GET","server":"amigal.dk","referrer":null}
[2024-10-27T12:05:28.967168+00:00] Framework.INFO: WebApplication execute call doExecute [] {"url":"/webservices/v3/index.php?view=api","ip":"2a09:bac3:2ff0:28c::41:6a","http_method":"GET","server":"amigal.dk","referrer":null}
[2024-10-27T12:05:28.967190+00:00] Framework.INFO: WebApplication doExecute called [] {"url":"/webservices/v3/index.php?view=api","ip":"2a09:bac3:2ff0:28c::41:6a","http_method":"GET","server":"amigal.dk","referrer":null}
[2024-10-27T12:05:28.967310+00:00] Framework.INFO:  result of controllerResolver->resolve($route) [[{"Joomla\\FrameworkWebsite\\Controller\\PageController":[]},"execute"]] {"url":"/webservices/v3/index.php?view=api","ip":"2a09:bac3:2ff0:28c::41:6a","http_method":"GET","server":"amigal.dk","referrer":null}
[2024-10-27T12:05:28.971797+00:00] Framework.INFO: WebApplication execute have called doExecute [] {"url":"/webservices/v3/index.php?view=api","ip":"2a09:bac3:2ff0:28c::41:6a","http_method":"GET","server":"amigal.dk","referrer":null}
[2024-10-27T12:05:42.425011+00:00] Framework.INFO: WebApplication execute called [] {"url":"/webservices/v3/api/v1/packages","ip":"2a05:f6c5:9361:0:f5b2:4862:4d56:50cd","http_method":"GET","server":"amigal.dk","referrer":null}
[2024-10-27T12:05:42.426838+00:00] Framework.INFO: WebApplication execute call doExecute [] {"url":"/webservices/v3/api/v1/packages","ip":"2a05:f6c5:9361:0:f5b2:4862:4d56:50cd","http_method":"GET","server":"amigal.dk","referrer":null}
[2024-10-27T12:05:42.426873+00:00] Framework.INFO: WebApplication doExecute called [] {"url":"/webservices/v3/api/v1/packages","ip":"2a05:f6c5:9361:0:f5b2:4862:4d56:50cd","http_method":"GET","server":"amigal.dk","referrer":null}
[2024-10-27T12:05:42.446380+00:00] Framework.INFO:  result of controllerResolver->resolve($route) [[{"Joomla\\FrameworkWebsite\\Controller\\Api\\StatusControllerGet":[]},"execute"]] {"url":"/webservices/v3/api/v1/packages","ip":"2a05:f6c5:9361:0:f5b2:4862:4d56:50cd","http_method":"GET","server":"amigal.dk","referrer":null}
[2024-10-27T12:05:42.461370+00:00] Framework.ERROR: Uncaught Throwable of type Joomla\Database\Exception\ExecutionFailureException caught. {"exception":"[object] (Joomla\\Database\\Exception\\ExecutionFailureException(code: 42): 42S02, 1146, Table 'amigal_dk.app_packages' doesn't exist at /customers/c/3/8/amigal.dk/httpd.www/webservices/v3/vendor/joomla/database/src/Pdo/PdoDriver.php:452)"} {"url":"/webservices/v3/api/v1/packages","ip":"2a05:f6c5:9361:0:f5b2:4862:4d56:50cd","http_method":"GET","server":"amigal.dk","referrer":null}
[2024-10-27T12:05:42.977251+00:00] Framework.INFO: WebApplication execute called [] {"url":"/webservices/v3/api","ip":"2a05:f6c5:9361:0:f5b2:4862:4d56:50cd","http_method":"GET","server":"amigal.dk","referrer":null}
[2024-10-27T12:05:42.978947+00:00] Framework.INFO: WebApplication execute call doExecute [] {"url":"/webservices/v3/api","ip":"2a05:f6c5:9361:0:f5b2:4862:4d56:50cd","http_method":"GET","server":"amigal.dk","referrer":null}
[2024-10-27T12:05:42.978975+00:00] Framework.INFO: WebApplication doExecute called [] {"url":"/webservices/v3/api","ip":"2a05:f6c5:9361:0:f5b2:4862:4d56:50cd","http_method":"GET","server":"amigal.dk","referrer":null}
[2024-10-27T12:05:42.979508+00:00] Framework.INFO:  result of controllerResolver->resolve($route) [[{"Joomla\\FrameworkWebsite\\Controller\\PageController":[]},"execute"]] {"url":"/webservices/v3/api","ip":"2a05:f6c5:9361:0:f5b2:4862:4d56:50cd","http_method":"GET","server":"amigal.dk","referrer":null}
[2024-10-27T12:05:43.002067+00:00] Framework.INFO: WebApplication execute have called doExecute [] {"url":"/webservices/v3/api","ip":"2a05:f6c5:9361:0:f5b2:4862:4d56:50cd","http_method":"GET","server":"amigal.dk","referrer":null}
[2024-10-27T12:05:44.986301+00:00] Framework.INFO: WebApplication execute called [] {"url":"/webservices/v3/api/v1/packages","ip":"2a05:f6c5:9361:0:f5b2:4862:4d56:50cd","http_method":"GET","server":"amigal.dk","referrer":null}
[2024-10-27T12:05:44.988103+00:00] Framework.INFO: WebApplication execute call doExecute [] {"url":"/webservices/v3/api/v1/packages","ip":"2a05:f6c5:9361:0:f5b2:4862:4d56:50cd","http_method":"GET","server":"amigal.dk","referrer":null}
[2024-10-27T12:05:44.988134+00:00] Framework.INFO: WebApplication doExecute called [] {"url":"/webservices/v3/api/v1/packages","ip":"2a05:f6c5:9361:0:f5b2:4862:4d56:50cd","http_method":"GET","server":"amigal.dk","referrer":null}
[2024-10-27T12:05:44.994674+00:00] Framework.INFO:  result of controllerResolver->resolve($route) [[{"Joomla\\FrameworkWebsite\\Controller\\Api\\StatusControllerGet":[]},"execute"]] {"url":"/webservices/v3/api/v1/packages","ip":"2a05:f6c5:9361:0:f5b2:4862:4d56:50cd","http_method":"GET","server":"amigal.dk","referrer":null}
[2024-10-27T12:05:44.999889+00:00] Framework.ERROR: Uncaught Throwable of type Joomla\Database\Exception\ExecutionFailureException caught. {"exception":"[object] (Joomla\\Database\\Exception\\ExecutionFailureException(code: 42): 42S02, 1146, Table 'amigal_dk.app_packages' doesn't exist at /customers/c/3/8/amigal.dk/httpd.www/webservices/v3/vendor/joomla/database/src/Pdo/PdoDriver.php:452)"} {"url":"/webservices/v3/api/v1/packages","ip":"2a05:f6c5:9361:0:f5b2:4862:4d56:50cd","http_method":"GET","server":"amigal.dk","referrer":null}
[2024-10-27T12:05:53.383997+00:00] Framework.INFO: WebApplication execute called [] {"url":"/webservices/v3/api/v1/packages","ip":"2a05:f6c5:9361:0:f5b2:4862:4d56:50cd","http_method":"GET","server":"amigal.dk","referrer":null}
[2024-10-27T12:05:53.384234+00:00] Framework.INFO: WebApplication execute call doExecute [] {"url":"/webservices/v3/api/v1/packages","ip":"2a05:f6c5:9361:0:f5b2:4862:4d56:50cd","http_method":"GET","server":"amigal.dk","referrer":null}
[2024-10-27T12:05:53.384261+00:00] Framework.INFO: WebApplication doExecute called [] {"url":"/webservices/v3/api/v1/packages","ip":"2a05:f6c5:9361:0:f5b2:4862:4d56:50cd","http_method":"GET","server":"amigal.dk","referrer":null}
[2024-10-27T12:05:53.391549+00:00] Framework.INFO:  result of controllerResolver->resolve($route) [[{"Joomla\\FrameworkWebsite\\Controller\\Api\\StatusControllerGet":[]},"execute"]] {"url":"/webservices/v3/api/v1/packages","ip":"2a05:f6c5:9361:0:f5b2:4862:4d56:50cd","http_method":"GET","server":"amigal.dk","referrer":null}
[2024-10-27T12:05:53.397259+00:00] Framework.ERROR: Uncaught Throwable of type Joomla\Database\Exception\ExecutionFailureException caught. {"exception":"[object] (Joomla\\Database\\Exception\\ExecutionFailureException(code: 42): 42S02, 1146, Table 'amigal_dk.app_packages' doesn't exist at /customers/c/3/8/amigal.dk/httpd.www/webservices/v3/vendor/joomla/database/src/Pdo/PdoDriver.php:452)"} {"url":"/webservices/v3/api/v1/packages","ip":"2a05:f6c5:9361:0:f5b2:4862:4d56:50cd","http_method":"GET","server":"amigal.dk","referrer":null}
[2024-10-27T12:06:02.157323+00:00] Framework.INFO: WebApplication execute called [] {"url":"/webservices/v3/api/v1/packages","ip":"2a05:f6c5:9361:0:f5b2:4862:4d56:50cd","http_method":"GET","server":"amigal.dk","referrer":null}
[2024-10-27T12:06:02.157523+00:00] Framework.INFO: WebApplication execute call doExecute [] {"url":"/webservices/v3/api/v1/packages","ip":"2a05:f6c5:9361:0:f5b2:4862:4d56:50cd","http_method":"GET","server":"amigal.dk","referrer":null}
[2024-10-27T12:06:02.157547+00:00] Framework.INFO: WebApplication doExecute called [] {"url":"/webservices/v3/api/v1/packages","ip":"2a05:f6c5:9361:0:f5b2:4862:4d56:50cd","http_method":"GET","server":"amigal.dk","referrer":null}
[2024-10-27T12:06:02.157956+00:00] Framework.INFO:  result of controllerResolver->resolve($route) [[{"Joomla\\FrameworkWebsite\\Controller\\Api\\StatusControllerGet":[]},"execute"]] {"url":"/webservices/v3/api/v1/packages","ip":"2a05:f6c5:9361:0:f5b2:4862:4d56:50cd","http_method":"GET","server":"amigal.dk","referrer":null}
[2024-10-27T12:06:02.159649+00:00] Framework.ERROR: Uncaught Throwable of type Joomla\Database\Exception\ExecutionFailureException caught. {"exception":"[object] (Joomla\\Database\\Exception\\ExecutionFailureException(code: 42): 42S02, 1146, Table 'amigal_dk.app_packages' doesn't exist at /customers/c/3/8/amigal.dk/httpd.www/webservices/v3/vendor/joomla/database/src/Pdo/PdoDriver.php:452)"} {"url":"/webservices/v3/api/v1/packages","ip":"2a05:f6c5:9361:0:f5b2:4862:4d56:50cd","http_method":"GET","server":"amigal.dk","referrer":null}
[2024-10-27T12:06:03.783087+00:00] Framework.INFO: WebApplication execute called [] {"url":"/webservices/v3/status","ip":"2a05:f6c5:9361:0:f5b2:4862:4d56:50cd","http_method":"GET","server":"amigal.dk","referrer":null}
[2024-10-27T12:06:03.783262+00:00] Framework.INFO: WebApplication execute call doExecute [] {"url":"/webservices/v3/status","ip":"2a05:f6c5:9361:0:f5b2:4862:4d56:50cd","http_method":"GET","server":"amigal.dk","referrer":null}
[2024-10-27T12:06:03.783289+00:00] Framework.INFO: WebApplication doExecute called [] {"url":"/webservices/v3/status","ip":"2a05:f6c5:9361:0:f5b2:4862:4d56:50cd","http_method":"GET","server":"amigal.dk","referrer":null}
[2024-10-27T12:06:03.784974+00:00] Framework.INFO:  result of controllerResolver->resolve($route) [[{"Joomla\\FrameworkWebsite\\Controller\\StatusController":[]},"execute"]] {"url":"/webservices/v3/status","ip":"2a05:f6c5:9361:0:f5b2:4862:4d56:50cd","http_method":"GET","server":"amigal.dk","referrer":null}
[2024-10-27T12:06:03.786978+00:00] Framework.ERROR: Uncaught Throwable of type Joomla\Database\Exception\ExecutionFailureException caught. {"exception":"[object] (Joomla\\Database\\Exception\\ExecutionFailureException(code: 42): 42S02, 1146, Table 'amigal_dk.app_packages' doesn't exist at /customers/c/3/8/amigal.dk/httpd.www/webservices/v3/vendor/joomla/database/src/Pdo/PdoDriver.php:452)"} {"url":"/webservices/v3/status","ip":"2a05:f6c5:9361:0:f5b2:4862:4d56:50cd","http_method":"GET","server":"amigal.dk","referrer":null}
[2024-10-27T12:06:13.459665+00:00] Framework.INFO: WebApplication execute called [] {"url":"/webservices/v3/api/status","ip":"2a05:f6c5:9361:0:f5b2:4862:4d56:50cd","http_method":"GET","server":"amigal.dk","referrer":null}
[2024-10-27T12:06:13.459870+00:00] Framework.INFO: WebApplication execute call doExecute [] {"url":"/webservices/v3/api/status","ip":"2a05:f6c5:9361:0:f5b2:4862:4d56:50cd","http_method":"GET","server":"amigal.dk","referrer":null}
[2024-10-27T12:06:13.459896+00:00] Framework.INFO: WebApplication doExecute called [] {"url":"/webservices/v3/api/status","ip":"2a05:f6c5:9361:0:f5b2:4862:4d56:50cd","http_method":"GET","server":"amigal.dk","referrer":null}
[2024-10-27T12:06:13.461390+00:00] Framework.ERROR: Route `api/status` not found {"exception":"[object] (Joomla\\Router\\Exception\\RouteNotFoundException(code: 404): Unable to handle request for route `api/status`. at /customers/c/3/8/amigal.dk/httpd.www/webservices/v3/vendor/joomla/router/src/Router.php:149)"} {"url":"/webservices/v3/api/status","ip":"2a05:f6c5:9361:0:f5b2:4862:4d56:50cd","http_method":"GET","server":"amigal.dk","referrer":null}
[2024-10-27T12:06:22.603154+00:00] Framework.INFO: WebApplication execute called [] {"url":"/webservices/v3/status","ip":"2a05:f6c5:9361:0:f5b2:4862:4d56:50cd","http_method":"GET","server":"amigal.dk","referrer":null}
[2024-10-27T12:06:22.603356+00:00] Framework.INFO: WebApplication execute call doExecute [] {"url":"/webservices/v3/status","ip":"2a05:f6c5:9361:0:f5b2:4862:4d56:50cd","http_method":"GET","server":"amigal.dk","referrer":null}
[2024-10-27T12:06:22.603380+00:00] Framework.INFO: WebApplication doExecute called [] {"url":"/webservices/v3/status","ip":"2a05:f6c5:9361:0:f5b2:4862:4d56:50cd","http_method":"GET","server":"amigal.dk","referrer":null}
[2024-10-27T12:06:22.604134+00:00] Framework.INFO:  result of controllerResolver->resolve($route) [[{"Joomla\\FrameworkWebsite\\Controller\\StatusController":[]},"execute"]] {"url":"/webservices/v3/status","ip":"2a05:f6c5:9361:0:f5b2:4862:4d56:50cd","http_method":"GET","server":"amigal.dk","referrer":null}
[2024-10-27T12:06:22.605986+00:00] Framework.ERROR: Uncaught Throwable of type Joomla\Database\Exception\ExecutionFailureException caught. {"exception":"[object] (Joomla\\Database\\Exception\\ExecutionFailureException(code: 42): 42S02, 1146, Table 'amigal_dk.app_packages' doesn't exist at /customers/c/3/8/amigal.dk/httpd.www/webservices/v3/vendor/joomla/database/src/Pdo/PdoDriver.php:452)"} {"url":"/webservices/v3/status","ip":"2a05:f6c5:9361:0:f5b2:4862:4d56:50cd","http_method":"GET","server":"amigal.dk","referrer":null}
[2024-10-27T12:07:43.870347+00:00] Framework.INFO: WebApplication execute called [] {"url":"/webservices/v3/status","ip":"2a05:f6c5:9361:0:f5b2:4862:4d56:50cd","http_method":"GET","server":"amigal.dk","referrer":null}
[2024-10-27T12:07:43.870572+00:00] Framework.INFO: WebApplication execute call doExecute [] {"url":"/webservices/v3/status","ip":"2a05:f6c5:9361:0:f5b2:4862:4d56:50cd","http_method":"GET","server":"amigal.dk","referrer":null}
[2024-10-27T12:07:43.870595+00:00] Framework.INFO: WebApplication doExecute called [] {"url":"/webservices/v3/status","ip":"2a05:f6c5:9361:0:f5b2:4862:4d56:50cd","http_method":"GET","server":"amigal.dk","referrer":null}
[2024-10-27T12:07:43.871380+00:00] Framework.INFO:  result of controllerResolver->resolve($route) [[{"Joomla\\FrameworkWebsite\\Controller\\StatusController":[]},"execute"]] {"url":"/webservices/v3/status","ip":"2a05:f6c5:9361:0:f5b2:4862:4d56:50cd","http_method":"GET","server":"amigal.dk","referrer":null}
[2024-10-27T12:07:43.873858+00:00] Framework.ERROR: Uncaught Throwable of type Joomla\Database\Exception\ExecutionFailureException caught. {"exception":"[object] (Joomla\\Database\\Exception\\ExecutionFailureException(code: 42): 42S02, 1146, Table 'amigal_dk.app_packages' doesn't exist at /customers/c/3/8/amigal.dk/httpd.www/webservices/v3/vendor/joomla/database/src/Pdo/PdoDriver.php:452)"} {"url":"/webservices/v3/status","ip":"2a05:f6c5:9361:0:f5b2:4862:4d56:50cd","http_method":"GET","server":"amigal.dk","referrer":null}
[2024-10-27T12:07:45.314960+00:00] Framework.INFO: WebApplication execute called [] {"url":"/webservices/v3/api/v1/packages","ip":"2a05:f6c5:9361:0:f5b2:4862:4d56:50cd","http_method":"GET","server":"amigal.dk","referrer":null}
[2024-10-27T12:07:45.315183+00:00] Framework.INFO: WebApplication execute call doExecute [] {"url":"/webservices/v3/api/v1/packages","ip":"2a05:f6c5:9361:0:f5b2:4862:4d56:50cd","http_method":"GET","server":"amigal.dk","referrer":null}
[2024-10-27T12:07:45.315232+00:00] Framework.INFO: WebApplication doExecute called [] {"url":"/webservices/v3/api/v1/packages","ip":"2a05:f6c5:9361:0:f5b2:4862:4d56:50cd","http_method":"GET","server":"amigal.dk","referrer":null}
[2024-10-27T12:07:45.315663+00:00] Framework.INFO:  result of controllerResolver->resolve($route) [[{"Joomla\\FrameworkWebsite\\Controller\\Api\\StatusControllerGet":[]},"execute"]] {"url":"/webservices/v3/api/v1/packages","ip":"2a05:f6c5:9361:0:f5b2:4862:4d56:50cd","http_method":"GET","server":"amigal.dk","referrer":null}
[2024-10-27T12:07:45.317482+00:00] Framework.ERROR: Uncaught Throwable of type Joomla\Database\Exception\ExecutionFailureException caught. {"exception":"[object] (Joomla\\Database\\Exception\\ExecutionFailureException(code: 42): 42S02, 1146, Table 'amigal_dk.app_packages' doesn't exist at /customers/c/3/8/amigal.dk/httpd.www/webservices/v3/vendor/joomla/database/src/Pdo/PdoDriver.php:452)"} {"url":"/webservices/v3/api/v1/packages","ip":"2a05:f6c5:9361:0:f5b2:4862:4d56:50cd","http_method":"GET","server":"amigal.dk","referrer":null}
[2024-10-27T12:57:59.858653+00:00] Framework.INFO: WebApplication execute called [] {"url":"/webservices/v3/api","ip":"2a05:f6c5:9361:0:f5b2:4862:4d56:50cd","http_method":"GET","server":"amigal.dk","referrer":null}
[2024-10-27T12:57:59.866369+00:00] Framework.INFO: WebApplication execute call doExecute [] {"url":"/webservices/v3/api","ip":"2a05:f6c5:9361:0:f5b2:4862:4d56:50cd","http_method":"GET","server":"amigal.dk","referrer":null}
[2024-10-27T12:57:59.866398+00:00] Framework.INFO: WebApplication doExecute called [] {"url":"/webservices/v3/api","ip":"2a05:f6c5:9361:0:f5b2:4862:4d56:50cd","http_method":"GET","server":"amigal.dk","referrer":null}
[2024-10-27T12:57:59.871202+00:00] Framework.INFO:  result of controllerResolver->resolve($route) [[{"Joomla\\FrameworkWebsite\\Controller\\PageController":[]},"execute"]] {"url":"/webservices/v3/api","ip":"2a05:f6c5:9361:0:f5b2:4862:4d56:50cd","http_method":"GET","server":"amigal.dk","referrer":null}
[2024-10-27T12:57:59.959529+00:00] Framework.INFO: WebApplication execute have called doExecute [] {"url":"/webservices/v3/api","ip":"2a05:f6c5:9361:0:f5b2:4862:4d56:50cd","http_method":"GET","server":"amigal.dk","referrer":null}
[2024-10-27T12:59:59.061942+00:00] Framework.INFO: WebApplication execute called [] {"url":"/webservices/v3/api","ip":"2a05:f6c5:9361:0:f5b2:4862:4d56:50cd","http_method":"GET","server":"amigal.dk","referrer":null}
[2024-10-27T12:59:59.062150+00:00] Framework.INFO: WebApplication execute call doExecute [] {"url":"/webservices/v3/api","ip":"2a05:f6c5:9361:0:f5b2:4862:4d56:50cd","http_method":"GET","server":"amigal.dk","referrer":null}
[2024-10-27T12:59:59.062175+00:00] Framework.INFO: WebApplication doExecute called [] {"url":"/webservices/v3/api","ip":"2a05:f6c5:9361:0:f5b2:4862:4d56:50cd","http_method":"GET","server":"amigal.dk","referrer":null}
[2024-10-27T12:59:59.062304+00:00] Framework.INFO:  result of controllerResolver->resolve($route) [[{"Joomla\\FrameworkWebsite\\Controller\\PageController":[]},"execute"]] {"url":"/webservices/v3/api","ip":"2a05:f6c5:9361:0:f5b2:4862:4d56:50cd","http_method":"GET","server":"amigal.dk","referrer":null}
[2024-10-27T12:59:59.067142+00:00] Framework.INFO: WebApplication execute have called doExecute [] {"url":"/webservices/v3/api","ip":"2a05:f6c5:9361:0:f5b2:4862:4d56:50cd","http_method":"GET","server":"amigal.dk","referrer":null}
[2024-10-27T13:00:02.095604+00:00] Framework.INFO: WebApplication execute called [] {"url":"/webservices/v3/api","ip":"2a05:f6c5:9361:0:f5b2:4862:4d56:50cd","http_method":"GET","server":"amigal.dk","referrer":null}
[2024-10-27T13:00:02.097329+00:00] Framework.INFO: WebApplication execute call doExecute [] {"url":"/webservices/v3/api","ip":"2a05:f6c5:9361:0:f5b2:4862:4d56:50cd","http_method":"GET","server":"amigal.dk","referrer":null}
[2024-10-27T13:00:02.097356+00:00] Framework.INFO: WebApplication doExecute called [] {"url":"/webservices/v3/api","ip":"2a05:f6c5:9361:0:f5b2:4862:4d56:50cd","http_method":"GET","server":"amigal.dk","referrer":null}
[2024-10-27T13:00:02.097929+00:00] Framework.INFO:  result of controllerResolver->resolve($route) [[{"Joomla\\FrameworkWebsite\\Controller\\PageController":[]},"execute"]] {"url":"/webservices/v3/api","ip":"2a05:f6c5:9361:0:f5b2:4862:4d56:50cd","http_method":"GET","server":"amigal.dk","referrer":null}
[2024-10-27T13:00:02.120932+00:00] Framework.INFO: WebApplication execute have called doExecute [] {"url":"/webservices/v3/api","ip":"2a05:f6c5:9361:0:f5b2:4862:4d56:50cd","http_method":"GET","server":"amigal.dk","referrer":null}
[2024-10-27T13:00:07.956987+00:00] Framework.INFO: WebApplication execute called [] {"url":"/webservices/v3/api","ip":"2a05:f6c5:9361:0:f5b2:4862:4d56:50cd","http_method":"GET","server":"amigal.dk","referrer":null}
[2024-10-27T13:00:07.957248+00:00] Framework.INFO: WebApplication execute call doExecute [] {"url":"/webservices/v3/api","ip":"2a05:f6c5:9361:0:f5b2:4862:4d56:50cd","http_method":"GET","server":"amigal.dk","referrer":null}
[2024-10-27T13:00:07.957278+00:00] Framework.INFO: WebApplication doExecute called [] {"url":"/webservices/v3/api","ip":"2a05:f6c5:9361:0:f5b2:4862:4d56:50cd","http_method":"GET","server":"amigal.dk","referrer":null}
[2024-10-27T13:00:07.957451+00:00] Framework.INFO:  result of controllerResolver->resolve($route) [[{"Joomla\\FrameworkWebsite\\Controller\\PageController":[]},"execute"]] {"url":"/webservices/v3/api","ip":"2a05:f6c5:9361:0:f5b2:4862:4d56:50cd","http_method":"GET","server":"amigal.dk","referrer":null}
[2024-10-27T13:00:07.963301+00:00] Framework.INFO: WebApplication execute have called doExecute [] {"url":"/webservices/v3/api","ip":"2a05:f6c5:9361:0:f5b2:4862:4d56:50cd","http_method":"GET","server":"amigal.dk","referrer":null}
[2024-10-27T13:02:22.477960+00:00] Framework.INFO: WebApplication execute called [] {"url":"/webservices/v3/api","ip":"2a05:f6c5:9361:0:f5b2:4862:4d56:50cd","http_method":"GET","server":"amigal.dk","referrer":null}
[2024-10-27T13:02:22.478172+00:00] Framework.INFO: WebApplication execute call doExecute [] {"url":"/webservices/v3/api","ip":"2a05:f6c5:9361:0:f5b2:4862:4d56:50cd","http_method":"GET","server":"amigal.dk","referrer":null}
[2024-10-27T13:02:22.478194+00:00] Framework.INFO: WebApplication doExecute called [] {"url":"/webservices/v3/api","ip":"2a05:f6c5:9361:0:f5b2:4862:4d56:50cd","http_method":"GET","server":"amigal.dk","referrer":null}
[2024-10-27T13:02:22.478320+00:00] Framework.INFO:  result of controllerResolver->resolve($route) [[{"Joomla\\FrameworkWebsite\\Controller\\PageController":[]},"execute"]] {"url":"/webservices/v3/api","ip":"2a05:f6c5:9361:0:f5b2:4862:4d56:50cd","http_method":"GET","server":"amigal.dk","referrer":null}
[2024-10-27T13:02:22.483200+00:00] Framework.INFO: WebApplication execute have called doExecute [] {"url":"/webservices/v3/api","ip":"2a05:f6c5:9361:0:f5b2:4862:4d56:50cd","http_method":"GET","server":"amigal.dk","referrer":null}
[2024-10-28T08:01:15.457103+00:00] Framework.INFO: WebApplication execute called [] {"url":"/webservices/v3/api/v1/packages","ip":"2a05:f6c5:9361:0:b061:ef99:4975:ce2","http_method":"GET","server":"amigal.dk","referrer":null}
[2024-10-28T08:01:15.463917+00:00] Framework.INFO: WebApplication execute call doExecute [] {"url":"/webservices/v3/api/v1/packages","ip":"2a05:f6c5:9361:0:b061:ef99:4975:ce2","http_method":"GET","server":"amigal.dk","referrer":null}
[2024-10-28T08:01:15.463946+00:00] Framework.INFO: WebApplication doExecute called [] {"url":"/webservices/v3/api/v1/packages","ip":"2a05:f6c5:9361:0:b061:ef99:4975:ce2","http_method":"GET","server":"amigal.dk","referrer":null}
[2024-10-28T08:01:15.485199+00:00] Framework.INFO:  result of controllerResolver->resolve($route) [[{"Joomla\\FrameworkWebsite\\Controller\\Api\\StatusControllerGet":[]},"execute"]] {"url":"/webservices/v3/api/v1/packages","ip":"2a05:f6c5:9361:0:b061:ef99:4975:ce2","http_method":"GET","server":"amigal.dk","referrer":null}
[2024-10-28T08:01:15.498754+00:00] Framework.ERROR: Uncaught Throwable of type Joomla\Database\Exception\ExecutionFailureException caught. {"exception":"[object] (Joomla\\Database\\Exception\\ExecutionFailureException(code: 42): 42S02, 1146, Table 'amigal_dk.app_packages' doesn't exist at /customers/c/3/8/amigal.dk/httpd.www/webservices/v3/vendor/joomla/database/src/Pdo/PdoDriver.php:452)"} {"url":"/webservices/v3/api/v1/packages","ip":"2a05:f6c5:9361:0:b061:ef99:4975:ce2","http_method":"GET","server":"amigal.dk","referrer":null}
[2024-10-28T08:01:21.681331+00:00] Framework.INFO: WebApplication execute called [] {"url":"/webservices/v3/administrator","ip":"2a05:f6c5:9361:0:b061:ef99:4975:ce2","http_method":"GET","server":"amigal.dk","referrer":null}
[2024-10-28T08:01:21.681599+00:00] Framework.INFO: WebApplication execute call doExecute [] {"url":"/webservices/v3/administrator","ip":"2a05:f6c5:9361:0:b061:ef99:4975:ce2","http_method":"GET","server":"amigal.dk","referrer":null}
[2024-10-28T08:01:21.681627+00:00] Framework.INFO: WebApplication doExecute called [] {"url":"/webservices/v3/administrator","ip":"2a05:f6c5:9361:0:b061:ef99:4975:ce2","http_method":"GET","server":"amigal.dk","referrer":null}
[2024-10-28T08:01:21.682808+00:00] Framework.INFO:  result of controllerResolver->resolve($route) [[{"Joomla\\FrameworkWebsite\\Controller\\WrongCmsController":[]},"execute"]] {"url":"/webservices/v3/administrator","ip":"2a05:f6c5:9361:0:b061:ef99:4975:ce2","http_method":"GET","server":"amigal.dk","referrer":null}
[2024-10-28T08:01:21.684426+00:00] Framework.INFO: WebApplication execute have called doExecute [] {"url":"/webservices/v3/administrator","ip":"2a05:f6c5:9361:0:b061:ef99:4975:ce2","http_method":"GET","server":"amigal.dk","referrer":null}
[2024-10-28T08:37:54.966100+00:00] Framework.INFO: WebApplication execute called [] {"url":"/webservices/v3/www/index.php?view=api","ip":"2a05:f6c5:9361:0:b061:ef99:4975:ce2","http_method":"GET","server":"amigal.dk","referrer":null}
[2024-10-28T08:37:54.976602+00:00] Framework.INFO: WebApplication execute call doExecute [] {"url":"/webservices/v3/www/index.php?view=api","ip":"2a05:f6c5:9361:0:b061:ef99:4975:ce2","http_method":"GET","server":"amigal.dk","referrer":null}
[2024-10-28T08:37:54.976640+00:00] Framework.INFO: WebApplication doExecute called [] {"url":"/webservices/v3/www/index.php?view=api","ip":"2a05:f6c5:9361:0:b061:ef99:4975:ce2","http_method":"GET","server":"amigal.dk","referrer":null}
[2024-10-28T08:37:54.983641+00:00] Framework.INFO:  result of controllerResolver->resolve($route) [[{"Joomla\\FrameworkWebsite\\Controller\\PageController":[]},"execute"]] {"url":"/webservices/v3/www/index.php?view=api","ip":"2a05:f6c5:9361:0:b061:ef99:4975:ce2","http_method":"GET","server":"amigal.dk","referrer":null}
[2024-10-28T08:37:55.068102+00:00] Framework.INFO: WebApplication execute have called doExecute [] {"url":"/webservices/v3/www/index.php?view=api","ip":"2a05:f6c5:9361:0:b061:ef99:4975:ce2","http_method":"GET","server":"amigal.dk","referrer":null}
[2024-10-28T08:38:05.748693+00:00] Framework.INFO: WebApplication execute called [] {"url":"/webservices/v3/vi1/packages","ip":"2a05:f6c5:9361:0:b061:ef99:4975:ce2","http_method":"GET","server":"amigal.dk","referrer":null}
[2024-10-28T08:38:05.750394+00:00] Framework.INFO: WebApplication execute call doExecute [] {"url":"/webservices/v3/vi1/packages","ip":"2a05:f6c5:9361:0:b061:ef99:4975:ce2","http_method":"GET","server":"amigal.dk","referrer":null}
[2024-10-28T08:38:05.750421+00:00] Framework.INFO: WebApplication doExecute called [] {"url":"/webservices/v3/vi1/packages","ip":"2a05:f6c5:9361:0:b061:ef99:4975:ce2","http_method":"GET","server":"amigal.dk","referrer":null}
[2024-10-28T08:38:05.753186+00:00] Framework.ERROR: Route `vi1/packages` not found {"exception":"[object] (Joomla\\Router\\Exception\\RouteNotFoundException(code: 404): Unable to handle request for route `vi1/packages`. at /customers/c/3/8/amigal.dk/httpd.www/webservices/v3/vendor/joomla/router/src/Router.php:149)"} {"url":"/webservices/v3/vi1/packages","ip":"2a05:f6c5:9361:0:b061:ef99:4975:ce2","http_method":"GET","server":"amigal.dk","referrer":null}
[2024-10-28T08:38:06.349674+00:00] Framework.INFO: WebApplication execute called [] {"url":"/webservices/v3/vi1/favicon.ico","ip":"2a05:f6c5:9361:0:b061:ef99:4975:ce2","http_method":"GET","server":"amigal.dk","referrer":"https://amigal.dk/webservices/v3/vi1/packages"}
[2024-10-28T08:38:06.401012+00:00] Framework.INFO: WebApplication execute call doExecute [] {"url":"/webservices/v3/vi1/favicon.ico","ip":"2a05:f6c5:9361:0:b061:ef99:4975:ce2","http_method":"GET","server":"amigal.dk","referrer":"https://amigal.dk/webservices/v3/vi1/packages"}
[2024-10-28T08:38:06.401054+00:00] Framework.INFO: WebApplication doExecute called [] {"url":"/webservices/v3/vi1/favicon.ico","ip":"2a05:f6c5:9361:0:b061:ef99:4975:ce2","http_method":"GET","server":"amigal.dk","referrer":"https://amigal.dk/webservices/v3/vi1/packages"}
[2024-10-28T08:38:06.401531+00:00] Framework.ERROR: Route `vi1/favicon.ico` not found {"exception":"[object] (Joomla\\Router\\Exception\\RouteNotFoundException(code: 404): Unable to handle request for route `vi1/favicon.ico`. at /customers/c/3/8/amigal.dk/httpd.www/webservices/v3/vendor/joomla/router/src/Router.php:149)"} {"url":"/webservices/v3/vi1/favicon.ico","ip":"2a05:f6c5:9361:0:b061:ef99:4975:ce2","http_method":"GET","server":"amigal.dk","referrer":"https://amigal.dk/webservices/v3/vi1/packages"}
[2024-10-28T08:38:13.639894+00:00] Framework.INFO: WebApplication execute called [] {"url":"/webservices/v3/v1/packages","ip":"2a05:f6c5:9361:0:b061:ef99:4975:ce2","http_method":"GET","server":"amigal.dk","referrer":null}
[2024-10-28T08:38:13.640096+00:00] Framework.INFO: WebApplication execute call doExecute [] {"url":"/webservices/v3/v1/packages","ip":"2a05:f6c5:9361:0:b061:ef99:4975:ce2","http_method":"GET","server":"amigal.dk","referrer":null}
[2024-10-28T08:38:13.640127+00:00] Framework.INFO: WebApplication doExecute called [] {"url":"/webservices/v3/v1/packages","ip":"2a05:f6c5:9361:0:b061:ef99:4975:ce2","http_method":"GET","server":"amigal.dk","referrer":null}
[2024-10-28T08:38:13.640278+00:00] Framework.ERROR: Route `v1/packages` not found {"exception":"[object] (Joomla\\Router\\Exception\\RouteNotFoundException(code: 404): Unable to handle request for route `v1/packages`. at /customers/c/3/8/amigal.dk/httpd.www/webservices/v3/vendor/joomla/router/src/Router.php:149)"} {"url":"/webservices/v3/v1/packages","ip":"2a05:f6c5:9361:0:b061:ef99:4975:ce2","http_method":"GET","server":"amigal.dk","referrer":null}
[2024-10-28T08:38:13.935877+00:00] Framework.INFO: WebApplication execute called [] {"url":"/webservices/v3/v1/favicon.ico","ip":"2a05:f6c5:9361:0:b061:ef99:4975:ce2","http_method":"GET","server":"amigal.dk","referrer":"https://amigal.dk/webservices/v3/v1/packages"}
[2024-10-28T08:38:13.936035+00:00] Framework.INFO: WebApplication execute call doExecute [] {"url":"/webservices/v3/v1/favicon.ico","ip":"2a05:f6c5:9361:0:b061:ef99:4975:ce2","http_method":"GET","server":"amigal.dk","referrer":"https://amigal.dk/webservices/v3/v1/packages"}
[2024-10-28T08:38:13.936058+00:00] Framework.INFO: WebApplication doExecute called [] {"url":"/webservices/v3/v1/favicon.ico","ip":"2a05:f6c5:9361:0:b061:ef99:4975:ce2","http_method":"GET","server":"amigal.dk","referrer":"https://amigal.dk/webservices/v3/v1/packages"}
[2024-10-28T08:38:13.936154+00:00] Framework.ERROR: Route `v1/favicon.ico` not found {"exception":"[object] (Joomla\\Router\\Exception\\RouteNotFoundException(code: 404): Unable to handle request for route `v1/favicon.ico`. at /customers/c/3/8/amigal.dk/httpd.www/webservices/v3/vendor/joomla/router/src/Router.php:149)"} {"url":"/webservices/v3/v1/favicon.ico","ip":"2a05:f6c5:9361:0:b061:ef99:4975:ce2","http_method":"GET","server":"amigal.dk","referrer":"https://amigal.dk/webservices/v3/v1/packages"}
[2024-10-28T08:38:23.219553+00:00] Framework.INFO: WebApplication execute called [] {"url":"/webservices/v3/api/v1/packages","ip":"2a05:f6c5:9361:0:b061:ef99:4975:ce2","http_method":"GET","server":"amigal.dk","referrer":null}
[2024-10-28T08:38:23.219747+00:00] Framework.INFO: WebApplication execute call doExecute [] {"url":"/webservices/v3/api/v1/packages","ip":"2a05:f6c5:9361:0:b061:ef99:4975:ce2","http_method":"GET","server":"amigal.dk","referrer":null}
[2024-10-28T08:38:23.219770+00:00] Framework.INFO: WebApplication doExecute called [] {"url":"/webservices/v3/api/v1/packages","ip":"2a05:f6c5:9361:0:b061:ef99:4975:ce2","http_method":"GET","server":"amigal.dk","referrer":null}
[2024-10-28T08:38:23.243797+00:00] Framework.INFO:  result of controllerResolver->resolve($route) [[{"Joomla\\FrameworkWebsite\\Controller\\Api\\StatusControllerGet":[]},"execute"]] {"url":"/webservices/v3/api/v1/packages","ip":"2a05:f6c5:9361:0:b061:ef99:4975:ce2","http_method":"GET","server":"amigal.dk","referrer":null}
[2024-10-28T08:38:23.258300+00:00] Framework.ERROR: Uncaught Throwable of type Joomla\Database\Exception\ExecutionFailureException caught. {"exception":"[object] (Joomla\\Database\\Exception\\ExecutionFailureException(code: 42): 42S02, 1146, Table 'amigal_dk.app_packages' doesn't exist at /customers/c/3/8/amigal.dk/httpd.www/webservices/v3/vendor/joomla/database/src/Pdo/PdoDriver.php:452)"} {"url":"/webservices/v3/api/v1/packages","ip":"2a05:f6c5:9361:0:b061:ef99:4975:ce2","http_method":"GET","server":"amigal.dk","referrer":null}
[2024-10-28T09:19:56.666782+00:00] Framework.INFO: WebApplication execute called [] {"url":"/webservices/v3/api/v1/packages","ip":"2a05:f6c5:9361:0:1551:c265:e633:b82","http_method":"GET","server":"amigal.dk","referrer":null}
[2024-10-28T09:19:56.673403+00:00] Framework.INFO: WebApplication execute call doExecute [] {"url":"/webservices/v3/api/v1/packages","ip":"2a05:f6c5:9361:0:1551:c265:e633:b82","http_method":"GET","server":"amigal.dk","referrer":null}
[2024-10-28T09:19:56.673434+00:00] Framework.INFO: WebApplication doExecute called [] {"url":"/webservices/v3/api/v1/packages","ip":"2a05:f6c5:9361:0:1551:c265:e633:b82","http_method":"GET","server":"amigal.dk","referrer":null}
[2024-10-28T09:19:56.701868+00:00] Framework.INFO:  result of controllerResolver->resolve($route) [[{"Joomla\\FrameworkWebsite\\Controller\\Api\\StatusControllerGet":[]},"execute"]] {"url":"/webservices/v3/api/v1/packages","ip":"2a05:f6c5:9361:0:1551:c265:e633:b82","http_method":"GET","server":"amigal.dk","referrer":null}
[2024-10-28T09:19:56.717151+00:00] Framework.ERROR: Uncaught Throwable of type Joomla\Database\Exception\ExecutionFailureException caught. {"exception":"[object] (Joomla\\Database\\Exception\\ExecutionFailureException(code: 42): 42S02, 1146, Table 'amigal_dk.app_packages' doesn't exist at /customers/c/3/8/amigal.dk/httpd.www/webservices/v3/vendor/joomla/database/src/Pdo/PdoDriver.php:452)"} {"url":"/webservices/v3/api/v1/packages","ip":"2a05:f6c5:9361:0:1551:c265:e633:b82","http_method":"GET","server":"amigal.dk","referrer":null}
